ARM GAS  C:\Users\INDERP~1\AppData\Local\Temp\cchaTyBS.s 			page 1


   1              		.cpu cortex-m0plus
   2              		.fpu softvfp
   3              		.eabi_attribute 20, 1
   4              		.eabi_attribute 21, 1
   5              		.eabi_attribute 23, 3
   6              		.eabi_attribute 24, 1
   7              		.eabi_attribute 25, 1
   8              		.eabi_attribute 26, 1
   9              		.eabi_attribute 30, 1
  10              		.eabi_attribute 34, 0
  11              		.eabi_attribute 18, 4
  12              		.code	16
  13              		.file	"cyfitter_cfg.c"
  14              		.text
  15              	.Ltext0:
  16              		.cfi_sections	.debug_frame
  17              		.section	.psocinit,"ax",%progbits
  18              		.align	2
  19              		.code	16
  20              		.thumb_func
  21              		.type	ClockSetup, %function
  22              	ClockSetup:
  23              	.LFB4:
  24              		.file 1 "Generated_Source\\PSoC4\\cyfitter_cfg.c"
   1:Generated_Source\PSoC4/cyfitter_cfg.c **** /*******************************************************************************
   2:Generated_Source\PSoC4/cyfitter_cfg.c **** * File Name: cyfitter_cfg.c
   3:Generated_Source\PSoC4/cyfitter_cfg.c **** * 
   4:Generated_Source\PSoC4/cyfitter_cfg.c **** * PSoC Creator  4.0
   5:Generated_Source\PSoC4/cyfitter_cfg.c **** *
   6:Generated_Source\PSoC4/cyfitter_cfg.c **** * Description:
   7:Generated_Source\PSoC4/cyfitter_cfg.c **** * This file contains device initialization code.
   8:Generated_Source\PSoC4/cyfitter_cfg.c **** * Except for the user defined sections in CyClockStartupError(), this file should not be modified.
   9:Generated_Source\PSoC4/cyfitter_cfg.c **** * This file is automatically generated by PSoC Creator.
  10:Generated_Source\PSoC4/cyfitter_cfg.c **** *
  11:Generated_Source\PSoC4/cyfitter_cfg.c **** ********************************************************************************
  12:Generated_Source\PSoC4/cyfitter_cfg.c **** * Copyright (c) 2007-2016 Cypress Semiconductor.  All rights reserved.
  13:Generated_Source\PSoC4/cyfitter_cfg.c **** * You may use this file only in accordance with the license, terms, conditions, 
  14:Generated_Source\PSoC4/cyfitter_cfg.c **** * disclaimers, and limitations in the end user license agreement accompanying 
  15:Generated_Source\PSoC4/cyfitter_cfg.c **** * the software package with which this file was provided.
  16:Generated_Source\PSoC4/cyfitter_cfg.c **** ********************************************************************************/
  17:Generated_Source\PSoC4/cyfitter_cfg.c **** 
  18:Generated_Source\PSoC4/cyfitter_cfg.c **** #include <string.h>
  19:Generated_Source\PSoC4/cyfitter_cfg.c **** #include "cytypes.h"
  20:Generated_Source\PSoC4/cyfitter_cfg.c **** #include "cydevice_trm.h"
  21:Generated_Source\PSoC4/cyfitter_cfg.c **** #include "cyfitter.h"
  22:Generated_Source\PSoC4/cyfitter_cfg.c **** #include "CyLib.h"
  23:Generated_Source\PSoC4/cyfitter_cfg.c **** #include "cyfitter_cfg.h"
  24:Generated_Source\PSoC4/cyfitter_cfg.c **** 
  25:Generated_Source\PSoC4/cyfitter_cfg.c **** 
  26:Generated_Source\PSoC4/cyfitter_cfg.c **** #if defined(__GNUC__) || defined(__ARMCC_VERSION)
  27:Generated_Source\PSoC4/cyfitter_cfg.c ****     #define CYPACKED 
  28:Generated_Source\PSoC4/cyfitter_cfg.c ****     #define CYPACKED_ATTR __attribute__ ((packed))
  29:Generated_Source\PSoC4/cyfitter_cfg.c ****     #define CYALIGNED __attribute__ ((aligned))
  30:Generated_Source\PSoC4/cyfitter_cfg.c ****     #define CY_CFG_UNUSED __attribute__ ((unused))
  31:Generated_Source\PSoC4/cyfitter_cfg.c ****     #ifndef CY_CFG_SECTION
  32:Generated_Source\PSoC4/cyfitter_cfg.c ****         #define CY_CFG_SECTION __attribute__ ((section(".psocinit")))
  33:Generated_Source\PSoC4/cyfitter_cfg.c ****     #endif
ARM GAS  C:\Users\INDERP~1\AppData\Local\Temp\cchaTyBS.s 			page 2


  34:Generated_Source\PSoC4/cyfitter_cfg.c ****     
  35:Generated_Source\PSoC4/cyfitter_cfg.c ****     #if defined(__ARMCC_VERSION)
  36:Generated_Source\PSoC4/cyfitter_cfg.c ****         #define CY_CFG_MEMORY_BARRIER() __memory_changed()
  37:Generated_Source\PSoC4/cyfitter_cfg.c ****     #else
  38:Generated_Source\PSoC4/cyfitter_cfg.c ****         #define CY_CFG_MEMORY_BARRIER() __sync_synchronize()
  39:Generated_Source\PSoC4/cyfitter_cfg.c ****     #endif
  40:Generated_Source\PSoC4/cyfitter_cfg.c ****     
  41:Generated_Source\PSoC4/cyfitter_cfg.c **** #elif defined(__ICCARM__)
  42:Generated_Source\PSoC4/cyfitter_cfg.c ****     #include <intrinsics.h>
  43:Generated_Source\PSoC4/cyfitter_cfg.c **** 
  44:Generated_Source\PSoC4/cyfitter_cfg.c ****     #define CYPACKED __packed
  45:Generated_Source\PSoC4/cyfitter_cfg.c ****     #define CYPACKED_ATTR 
  46:Generated_Source\PSoC4/cyfitter_cfg.c ****     #define CYALIGNED _Pragma("data_alignment=4")
  47:Generated_Source\PSoC4/cyfitter_cfg.c ****     #define CY_CFG_UNUSED _Pragma("diag_suppress=Pe177")
  48:Generated_Source\PSoC4/cyfitter_cfg.c ****     #define CY_CFG_SECTION _Pragma("location=\".psocinit\"")
  49:Generated_Source\PSoC4/cyfitter_cfg.c ****     
  50:Generated_Source\PSoC4/cyfitter_cfg.c ****     #define CY_CFG_MEMORY_BARRIER() __DMB()
  51:Generated_Source\PSoC4/cyfitter_cfg.c ****     
  52:Generated_Source\PSoC4/cyfitter_cfg.c **** #else
  53:Generated_Source\PSoC4/cyfitter_cfg.c ****     #error Unsupported toolchain
  54:Generated_Source\PSoC4/cyfitter_cfg.c **** #endif
  55:Generated_Source\PSoC4/cyfitter_cfg.c **** 
  56:Generated_Source\PSoC4/cyfitter_cfg.c **** 
  57:Generated_Source\PSoC4/cyfitter_cfg.c **** CY_CFG_UNUSED
  58:Generated_Source\PSoC4/cyfitter_cfg.c **** static void CYMEMZERO(void *s, size_t n);
  59:Generated_Source\PSoC4/cyfitter_cfg.c **** CY_CFG_UNUSED
  60:Generated_Source\PSoC4/cyfitter_cfg.c **** static void CYMEMZERO(void *s, size_t n)
  61:Generated_Source\PSoC4/cyfitter_cfg.c **** {
  62:Generated_Source\PSoC4/cyfitter_cfg.c **** 	(void)memset(s, 0, n);
  63:Generated_Source\PSoC4/cyfitter_cfg.c **** }
  64:Generated_Source\PSoC4/cyfitter_cfg.c **** CY_CFG_UNUSED
  65:Generated_Source\PSoC4/cyfitter_cfg.c **** static void CYCONFIGCPY(void *dest, const void *src, size_t n);
  66:Generated_Source\PSoC4/cyfitter_cfg.c **** CY_CFG_UNUSED
  67:Generated_Source\PSoC4/cyfitter_cfg.c **** static void CYCONFIGCPY(void *dest, const void *src, size_t n)
  68:Generated_Source\PSoC4/cyfitter_cfg.c **** {
  69:Generated_Source\PSoC4/cyfitter_cfg.c **** 	(void)memcpy(dest, src, n);
  70:Generated_Source\PSoC4/cyfitter_cfg.c **** }
  71:Generated_Source\PSoC4/cyfitter_cfg.c **** CY_CFG_UNUSED
  72:Generated_Source\PSoC4/cyfitter_cfg.c **** static void CYCONFIGCPYCODE(void *dest, const void *src, size_t n);
  73:Generated_Source\PSoC4/cyfitter_cfg.c **** CY_CFG_UNUSED
  74:Generated_Source\PSoC4/cyfitter_cfg.c **** static void CYCONFIGCPYCODE(void *dest, const void *src, size_t n)
  75:Generated_Source\PSoC4/cyfitter_cfg.c **** {
  76:Generated_Source\PSoC4/cyfitter_cfg.c **** 	(void)memcpy(dest, src, n);
  77:Generated_Source\PSoC4/cyfitter_cfg.c **** }
  78:Generated_Source\PSoC4/cyfitter_cfg.c **** 
  79:Generated_Source\PSoC4/cyfitter_cfg.c **** 
  80:Generated_Source\PSoC4/cyfitter_cfg.c **** 
  81:Generated_Source\PSoC4/cyfitter_cfg.c **** 
  82:Generated_Source\PSoC4/cyfitter_cfg.c **** /* Clock startup error codes                                                   */
  83:Generated_Source\PSoC4/cyfitter_cfg.c **** #define CYCLOCKSTART_NO_ERROR    0u
  84:Generated_Source\PSoC4/cyfitter_cfg.c **** #define CYCLOCKSTART_XTAL_ERROR  1u
  85:Generated_Source\PSoC4/cyfitter_cfg.c **** #define CYCLOCKSTART_32KHZ_ERROR 2u
  86:Generated_Source\PSoC4/cyfitter_cfg.c **** #define CYCLOCKSTART_PLL_ERROR   3u
  87:Generated_Source\PSoC4/cyfitter_cfg.c **** 
  88:Generated_Source\PSoC4/cyfitter_cfg.c **** 
  89:Generated_Source\PSoC4/cyfitter_cfg.c **** #ifdef CY_NEED_CYCLOCKSTARTUPERROR
  90:Generated_Source\PSoC4/cyfitter_cfg.c **** /*******************************************************************************
ARM GAS  C:\Users\INDERP~1\AppData\Local\Temp\cchaTyBS.s 			page 3


  91:Generated_Source\PSoC4/cyfitter_cfg.c **** * Function Name: CyClockStartupError
  92:Generated_Source\PSoC4/cyfitter_cfg.c **** ********************************************************************************
  93:Generated_Source\PSoC4/cyfitter_cfg.c **** * Summary:
  94:Generated_Source\PSoC4/cyfitter_cfg.c **** *  If an error is encountered during clock configuration (crystal startup error,
  95:Generated_Source\PSoC4/cyfitter_cfg.c **** *  PLL lock error, etc.), the system will end up here.  Unless reimplemented by
  96:Generated_Source\PSoC4/cyfitter_cfg.c **** *  the customer, this function will stop in an infinite loop.
  97:Generated_Source\PSoC4/cyfitter_cfg.c **** *
  98:Generated_Source\PSoC4/cyfitter_cfg.c **** * Parameters:
  99:Generated_Source\PSoC4/cyfitter_cfg.c **** *   void
 100:Generated_Source\PSoC4/cyfitter_cfg.c **** *
 101:Generated_Source\PSoC4/cyfitter_cfg.c **** * Return:
 102:Generated_Source\PSoC4/cyfitter_cfg.c **** *   void
 103:Generated_Source\PSoC4/cyfitter_cfg.c **** *
 104:Generated_Source\PSoC4/cyfitter_cfg.c **** *******************************************************************************/
 105:Generated_Source\PSoC4/cyfitter_cfg.c **** CY_CFG_UNUSED
 106:Generated_Source\PSoC4/cyfitter_cfg.c **** static void CyClockStartupError(uint8 errorCode);
 107:Generated_Source\PSoC4/cyfitter_cfg.c **** CY_CFG_UNUSED
 108:Generated_Source\PSoC4/cyfitter_cfg.c **** static void CyClockStartupError(uint8 errorCode)
 109:Generated_Source\PSoC4/cyfitter_cfg.c **** {
 110:Generated_Source\PSoC4/cyfitter_cfg.c ****     /* To remove the compiler warning if errorCode not used.                */
 111:Generated_Source\PSoC4/cyfitter_cfg.c ****     errorCode = errorCode;
 112:Generated_Source\PSoC4/cyfitter_cfg.c **** 
 113:Generated_Source\PSoC4/cyfitter_cfg.c ****     /* If we have a clock startup error (bad MHz crystal, PLL lock, etc.),  */
 114:Generated_Source\PSoC4/cyfitter_cfg.c ****     /* we will end up here to allow the customer to implement something to  */
 115:Generated_Source\PSoC4/cyfitter_cfg.c ****     /* deal with the clock condition.                                       */
 116:Generated_Source\PSoC4/cyfitter_cfg.c **** 
 117:Generated_Source\PSoC4/cyfitter_cfg.c **** #ifdef CY_CFG_CLOCK_STARTUP_ERROR_CALLBACK
 118:Generated_Source\PSoC4/cyfitter_cfg.c **** 	CY_CFG_Clock_Startup_ErrorCallback();
 119:Generated_Source\PSoC4/cyfitter_cfg.c **** #else
 120:Generated_Source\PSoC4/cyfitter_cfg.c **** 	/*  If not using CY_CFG_CLOCK_STARTUP_ERROR_CALLBACK, place your clock startup code here. */
 121:Generated_Source\PSoC4/cyfitter_cfg.c ****     /* `#START CyClockStartupError` */
 122:Generated_Source\PSoC4/cyfitter_cfg.c **** 
 123:Generated_Source\PSoC4/cyfitter_cfg.c **** 
 124:Generated_Source\PSoC4/cyfitter_cfg.c **** 
 125:Generated_Source\PSoC4/cyfitter_cfg.c ****     /* `#END` */
 126:Generated_Source\PSoC4/cyfitter_cfg.c **** 
 127:Generated_Source\PSoC4/cyfitter_cfg.c ****     /* If nothing else, stop here since the clocks have not started         */
 128:Generated_Source\PSoC4/cyfitter_cfg.c ****     /* correctly.                                                           */
 129:Generated_Source\PSoC4/cyfitter_cfg.c ****     while(1) {}
 130:Generated_Source\PSoC4/cyfitter_cfg.c **** #endif /* CY_CFG_CLOCK_STARTUP_ERROR_CALLBACK */ 
 131:Generated_Source\PSoC4/cyfitter_cfg.c **** }
 132:Generated_Source\PSoC4/cyfitter_cfg.c **** #endif
 133:Generated_Source\PSoC4/cyfitter_cfg.c **** 
 134:Generated_Source\PSoC4/cyfitter_cfg.c **** 
 135:Generated_Source\PSoC4/cyfitter_cfg.c **** 
 136:Generated_Source\PSoC4/cyfitter_cfg.c **** /*******************************************************************************
 137:Generated_Source\PSoC4/cyfitter_cfg.c **** * Function Name: ClockSetup
 138:Generated_Source\PSoC4/cyfitter_cfg.c **** ********************************************************************************
 139:Generated_Source\PSoC4/cyfitter_cfg.c **** *
 140:Generated_Source\PSoC4/cyfitter_cfg.c **** * Summary:
 141:Generated_Source\PSoC4/cyfitter_cfg.c **** *   Performs the initialization of all of the clocks in the device based on the
 142:Generated_Source\PSoC4/cyfitter_cfg.c **** *   settings in the Clock tab of the DWR.  This includes enabling the requested
 143:Generated_Source\PSoC4/cyfitter_cfg.c **** *   clocks and setting the necessary dividers to produce the desired frequency. 
 144:Generated_Source\PSoC4/cyfitter_cfg.c **** *
 145:Generated_Source\PSoC4/cyfitter_cfg.c **** * Parameters:
 146:Generated_Source\PSoC4/cyfitter_cfg.c **** *   void
 147:Generated_Source\PSoC4/cyfitter_cfg.c **** *
ARM GAS  C:\Users\INDERP~1\AppData\Local\Temp\cchaTyBS.s 			page 4


 148:Generated_Source\PSoC4/cyfitter_cfg.c **** * Return:
 149:Generated_Source\PSoC4/cyfitter_cfg.c **** *   void
 150:Generated_Source\PSoC4/cyfitter_cfg.c **** *
 151:Generated_Source\PSoC4/cyfitter_cfg.c **** *******************************************************************************/
 152:Generated_Source\PSoC4/cyfitter_cfg.c **** static void ClockSetup(void);
 153:Generated_Source\PSoC4/cyfitter_cfg.c **** CY_CFG_SECTION
 154:Generated_Source\PSoC4/cyfitter_cfg.c **** static void ClockSetup(void)
 155:Generated_Source\PSoC4/cyfitter_cfg.c **** {
  25              		.loc 1 155 0
  26              		.cfi_startproc
  27 0000 10B5     		push	{r4, lr}
  28              		.cfi_def_cfa_offset 8
  29              		.cfi_offset 4, -8
  30              		.cfi_offset 14, -4
 156:Generated_Source\PSoC4/cyfitter_cfg.c **** 
 157:Generated_Source\PSoC4/cyfitter_cfg.c **** 	/* Set Flash Cycles based on max possible frequency in case a glitch occurs during ClockSetup(). *
 158:Generated_Source\PSoC4/cyfitter_cfg.c **** 	CY_SET_REG32((void CYXDATA *)(CYREG_CPUSS_FLASH_CTL), (0x0012u));
  31              		.loc 1 158 0
  32 0002 1D4C     		ldr	r4, .L2
  33 0004 1223     		mov	r3, #18
  34 0006 2360     		str	r3, [r4]
 159:Generated_Source\PSoC4/cyfitter_cfg.c **** 	/* Update IMO to new clock speed. */
 160:Generated_Source\PSoC4/cyfitter_cfg.c **** 	CySysClkWriteImoFreq(48u);
  35              		.loc 1 160 0
  36 0008 3020     		mov	r0, #48
  37 000a FFF7FEFF 		bl	CySysClkWriteImoFreq
  38              	.LVL0:
 161:Generated_Source\PSoC4/cyfitter_cfg.c **** 
 162:Generated_Source\PSoC4/cyfitter_cfg.c **** 	/* Setup phase aligned clocks */
 163:Generated_Source\PSoC4/cyfitter_cfg.c **** 	CY_SET_REG32((void *)CYREG_PERI_DIV_16_CTL1, 0x00000100u);
  39              		.loc 1 163 0
  40 000e 8022     		mov	r2, #128
  41 0010 5200     		lsl	r2, r2, #1
  42 0012 1A4B     		ldr	r3, .L2+4
  43 0014 1A60     		str	r2, [r3]
 164:Generated_Source\PSoC4/cyfitter_cfg.c **** 	CY_SET_REG32((void *)CYREG_PERI_DIV_CMD, 0x8000FF41u);
  44              		.loc 1 164 0
  45 0016 8023     		mov	r3, #128
  46 0018 DB05     		lsl	r3, r3, #23
  47 001a 1949     		ldr	r1, .L2+8
  48 001c 1960     		str	r1, [r3]
 165:Generated_Source\PSoC4/cyfitter_cfg.c **** 	CY_SET_REG32((void *)CYREG_PERI_DIV_16_CTL2, 0x00000100u);
  49              		.loc 1 165 0
  50 001e 1949     		ldr	r1, .L2+12
  51 0020 0A60     		str	r2, [r1]
 166:Generated_Source\PSoC4/cyfitter_cfg.c **** 	CY_SET_REG32((void *)CYREG_PERI_DIV_CMD, 0x8000FF42u);
  52              		.loc 1 166 0
  53 0022 194A     		ldr	r2, .L2+16
  54 0024 1A60     		str	r2, [r3]
 167:Generated_Source\PSoC4/cyfitter_cfg.c **** 	CY_SET_REG32((void *)CYREG_PERI_DIV_16_CTL4, 0x005DBF00u);
  55              		.loc 1 167 0
  56 0026 1949     		ldr	r1, .L2+20
  57 0028 194A     		ldr	r2, .L2+24
  58 002a 1160     		str	r1, [r2]
 168:Generated_Source\PSoC4/cyfitter_cfg.c **** 	CY_SET_REG32((void *)CYREG_PERI_DIV_CMD, 0x8000FF44u);
  59              		.loc 1 168 0
  60 002c 194A     		ldr	r2, .L2+28
ARM GAS  C:\Users\INDERP~1\AppData\Local\Temp\cchaTyBS.s 			page 5


  61 002e 1A60     		str	r2, [r3]
 169:Generated_Source\PSoC4/cyfitter_cfg.c **** 	CY_SET_REG32((void *)CYREG_PERI_DIV_16_CTL0, 0x0000FE00u);
  62              		.loc 1 169 0
  63 0030 FE21     		mov	r1, #254
  64 0032 0902     		lsl	r1, r1, #8
  65 0034 184A     		ldr	r2, .L2+32
  66 0036 1160     		str	r1, [r2]
 170:Generated_Source\PSoC4/cyfitter_cfg.c **** 	CY_SET_REG32((void *)CYREG_PERI_DIV_CMD, 0x8000FF40u);
  67              		.loc 1 170 0
  68 0038 184A     		ldr	r2, .L2+36
  69 003a 1A60     		str	r2, [r3]
 171:Generated_Source\PSoC4/cyfitter_cfg.c **** 	CY_SET_REG32((void *)CYREG_PERI_DIV_16_CTL3, 0x00000E00u);
  70              		.loc 1 171 0
  71 003c E021     		mov	r1, #224
  72 003e 0901     		lsl	r1, r1, #4
  73 0040 174A     		ldr	r2, .L2+40
  74 0042 1160     		str	r1, [r2]
 172:Generated_Source\PSoC4/cyfitter_cfg.c **** 	CY_SET_REG32((void *)CYREG_PERI_DIV_CMD, 0x8000FF43u);
  75              		.loc 1 172 0
  76 0044 174A     		ldr	r2, .L2+44
  77 0046 1A60     		str	r2, [r3]
 173:Generated_Source\PSoC4/cyfitter_cfg.c **** 
 174:Generated_Source\PSoC4/cyfitter_cfg.c **** 	/* CYDEV_CLK_SELECT Starting address: CYDEV_CLK_SELECT */
 175:Generated_Source\PSoC4/cyfitter_cfg.c **** 	CY_SET_XTND_REG32((void CYFAR *)(CYREG_CLK_SELECT), 0x00000024u);
  78              		.loc 1 175 0
  79 0048 2422     		mov	r2, #36
  80 004a 174B     		ldr	r3, .L2+48
  81 004c 1A60     		str	r2, [r3]
 176:Generated_Source\PSoC4/cyfitter_cfg.c **** 
 177:Generated_Source\PSoC4/cyfitter_cfg.c **** 	/* CYDEV_PERI_PCLK_CTL12 Starting address: CYDEV_PERI_PCLK_CTL12 */
 178:Generated_Source\PSoC4/cyfitter_cfg.c **** 	CY_SET_XTND_REG32((void CYFAR *)(CYREG_PERI_PCLK_CTL12), 0x00000042u);
  82              		.loc 1 178 0
  83 004e 1E32     		add	r2, r2, #30
  84 0050 164B     		ldr	r3, .L2+52
  85 0052 1A60     		str	r2, [r3]
 179:Generated_Source\PSoC4/cyfitter_cfg.c **** 
 180:Generated_Source\PSoC4/cyfitter_cfg.c **** 	/* CYDEV_PERI_PCLK_CTL4 Starting address: CYDEV_PERI_PCLK_CTL4 */
 181:Generated_Source\PSoC4/cyfitter_cfg.c **** 	CY_SET_XTND_REG32((void CYFAR *)(CYREG_PERI_PCLK_CTL4), 0x00000044u);
  86              		.loc 1 181 0
  87 0054 0232     		add	r2, r2, #2
  88 0056 164B     		ldr	r3, .L2+56
  89 0058 1A60     		str	r2, [r3]
 182:Generated_Source\PSoC4/cyfitter_cfg.c **** 
 183:Generated_Source\PSoC4/cyfitter_cfg.c **** 	/* CYDEV_PERI_PCLK_CTL3 Starting address: CYDEV_PERI_PCLK_CTL3 */
 184:Generated_Source\PSoC4/cyfitter_cfg.c **** 	CY_SET_XTND_REG32((void CYFAR *)(CYREG_PERI_PCLK_CTL3), 0x00000040u);
  90              		.loc 1 184 0
  91 005a 043A     		sub	r2, r2, #4
  92 005c 154B     		ldr	r3, .L2+60
  93 005e 1A60     		str	r2, [r3]
 185:Generated_Source\PSoC4/cyfitter_cfg.c **** 
 186:Generated_Source\PSoC4/cyfitter_cfg.c **** 	/* CYDEV_PERI_PCLK_CTL2 Starting address: CYDEV_PERI_PCLK_CTL2 */
 187:Generated_Source\PSoC4/cyfitter_cfg.c **** 	CY_SET_XTND_REG32((void CYFAR *)(CYREG_PERI_PCLK_CTL2), 0x00000043u);
  94              		.loc 1 187 0
  95 0060 0332     		add	r2, r2, #3
  96 0062 154B     		ldr	r3, .L2+64
  97 0064 1A60     		str	r2, [r3]
 188:Generated_Source\PSoC4/cyfitter_cfg.c **** 
ARM GAS  C:\Users\INDERP~1\AppData\Local\Temp\cchaTyBS.s 			page 6


 189:Generated_Source\PSoC4/cyfitter_cfg.c **** 	CY_SET_XTND_REG32((void CYFAR *)(CYREG_WCO_WDT_CONFIG), 0x00000000u);
  98              		.loc 1 189 0
  99 0066 0022     		mov	r2, #0
 100 0068 144B     		ldr	r3, .L2+68
 101 006a 1A60     		str	r2, [r3]
 190:Generated_Source\PSoC4/cyfitter_cfg.c **** 	CySysClkSetTimerSource(CY_SYS_CLK_TIMER_SRC_ILO);
 102              		.loc 1 190 0
 103 006c 0020     		mov	r0, #0
 104 006e FFF7FEFF 		bl	CySysClkSetTimerSource
 105              	.LVL1:
 191:Generated_Source\PSoC4/cyfitter_cfg.c **** 	/* Set Flash Cycles based on newly configured 24.00MHz HFCLK. */
 192:Generated_Source\PSoC4/cyfitter_cfg.c **** 	CY_SET_REG32((void CYXDATA *)(CYREG_CPUSS_FLASH_CTL), (0x0011u));
 106              		.loc 1 192 0
 107 0072 1123     		mov	r3, #17
 108 0074 2360     		str	r3, [r4]
 193:Generated_Source\PSoC4/cyfitter_cfg.c **** }
 109              		.loc 1 193 0
 110              		@ sp needed
 111 0076 10BD     		pop	{r4, pc}
 112              	.L3:
 113              		.align	2
 114              	.L2:
 115 0078 30001040 		.word	1074790448
 116 007c 04030040 		.word	1073742596
 117 0080 41FF0080 		.word	-2147418303
 118 0084 08030040 		.word	1073742600
 119 0088 42FF0080 		.word	-2147418302
 120 008c 00BF5D00 		.word	6143744
 121 0090 10030040 		.word	1073742608
 122 0094 44FF0080 		.word	-2147418300
 123 0098 00030040 		.word	1073742592
 124 009c 40FF0080 		.word	-2147418304
 125 00a0 0C030040 		.word	1073742604
 126 00a4 43FF0080 		.word	-2147418301
 127 00a8 28000340 		.word	1073938472
 128 00ac 30010040 		.word	1073742128
 129 00b0 10010040 		.word	1073742096
 130 00b4 0C010040 		.word	1073742092
 131 00b8 08010040 		.word	1073742088
 132 00bc 0C020640 		.word	1074135564
 133              		.cfi_endproc
 134              	.LFE4:
 135              		.size	ClockSetup, .-ClockSetup
 136              		.section	.text.SetAnalogRoutingPumps,"ax",%progbits
 137              		.align	2
 138              		.global	SetAnalogRoutingPumps
 139              		.code	16
 140              		.thumb_func
 141              		.type	SetAnalogRoutingPumps, %function
 142              	SetAnalogRoutingPumps:
 143              	.LFB6:
 194:Generated_Source\PSoC4/cyfitter_cfg.c **** 
 195:Generated_Source\PSoC4/cyfitter_cfg.c **** 
 196:Generated_Source\PSoC4/cyfitter_cfg.c **** /* Analog API Functions */
 197:Generated_Source\PSoC4/cyfitter_cfg.c **** 
 198:Generated_Source\PSoC4/cyfitter_cfg.c **** 
 199:Generated_Source\PSoC4/cyfitter_cfg.c **** /*******************************************************************************
ARM GAS  C:\Users\INDERP~1\AppData\Local\Temp\cchaTyBS.s 			page 7


 200:Generated_Source\PSoC4/cyfitter_cfg.c **** * Function Name: AnalogSetDefault
 201:Generated_Source\PSoC4/cyfitter_cfg.c **** ********************************************************************************
 202:Generated_Source\PSoC4/cyfitter_cfg.c **** *
 203:Generated_Source\PSoC4/cyfitter_cfg.c **** * Summary:
 204:Generated_Source\PSoC4/cyfitter_cfg.c **** *  Sets up the analog portions of the chip to default values based on chip
 205:Generated_Source\PSoC4/cyfitter_cfg.c **** *  configuration options from the project.
 206:Generated_Source\PSoC4/cyfitter_cfg.c **** *
 207:Generated_Source\PSoC4/cyfitter_cfg.c **** * Parameters:
 208:Generated_Source\PSoC4/cyfitter_cfg.c **** *  void
 209:Generated_Source\PSoC4/cyfitter_cfg.c **** *
 210:Generated_Source\PSoC4/cyfitter_cfg.c **** * Return:
 211:Generated_Source\PSoC4/cyfitter_cfg.c **** *  void
 212:Generated_Source\PSoC4/cyfitter_cfg.c **** *
 213:Generated_Source\PSoC4/cyfitter_cfg.c **** *******************************************************************************/
 214:Generated_Source\PSoC4/cyfitter_cfg.c **** static void AnalogSetDefault(void);
 215:Generated_Source\PSoC4/cyfitter_cfg.c **** static void AnalogSetDefault(void)
 216:Generated_Source\PSoC4/cyfitter_cfg.c **** {
 217:Generated_Source\PSoC4/cyfitter_cfg.c **** 	CY_SET_XTND_REG32((void CYFAR *)CYREG_HSIOM_AMUX_SPLIT_CTL2, 0x00000003u);
 218:Generated_Source\PSoC4/cyfitter_cfg.c **** 	CY_SET_XTND_REG32((void CYFAR *)CYREG_CTB0_CTB_CTRL, 0x80000000u);
 219:Generated_Source\PSoC4/cyfitter_cfg.c **** 	CY_SET_XTND_REG32((void CYFAR *)CYREG_CTB0_OA0_SW, 0x00000804u);
 220:Generated_Source\PSoC4/cyfitter_cfg.c **** 	CY_SET_XTND_REG32((void CYFAR *)CYREG_CTB0_OA1_SW, 0x01001008u);
 221:Generated_Source\PSoC4/cyfitter_cfg.c **** 	CY_SET_XTND_REG32((void CYFAR *)CYREG_CTB0_CTBBUS_SW, 0x00100000u);
 222:Generated_Source\PSoC4/cyfitter_cfg.c **** 	CY_SET_XTND_REG32((void CYFAR *)CYREG_CTB1_CTB_CTRL, 0x80000000u);
 223:Generated_Source\PSoC4/cyfitter_cfg.c **** 	CY_SET_XTND_REG32((void CYFAR *)CYREG_CTB1_OA0_SW, 0x22000004u);
 224:Generated_Source\PSoC4/cyfitter_cfg.c **** 	CY_SET_XTND_REG32((void CYFAR *)CYREG_CTB1_OA1_SW, 0x01080080u);
 225:Generated_Source\PSoC4/cyfitter_cfg.c **** 	CY_SET_XTND_REG32((void CYFAR *)CYREG_CTB1_CTBBUS_SW, 0x00000008u);
 226:Generated_Source\PSoC4/cyfitter_cfg.c **** 	CY_SET_XTND_REG32((void CYFAR *)CYREG_ART_CTRL, 0x80000000u);
 227:Generated_Source\PSoC4/cyfitter_cfg.c **** 	CY_SET_XTND_REG32((void CYFAR *)CYREG_ART_SARMUXVPLUS_SW, 0x01000012u);
 228:Generated_Source\PSoC4/cyfitter_cfg.c **** 	CY_SET_XTND_REG32((void CYFAR *)CYREG_ART_SARMUXVMINUS_SW, 0x02000020u);
 229:Generated_Source\PSoC4/cyfitter_cfg.c **** 	CY_SET_XTND_REG32((void CYFAR *)CYREG_ART_SARMUX_SW_HW_CTRL, 0x00000032u);
 230:Generated_Source\PSoC4/cyfitter_cfg.c **** 	CY_SET_XTND_REG32((void CYFAR *)CYREG_ART_CTB1VREF_SW, 0x00020000u);
 231:Generated_Source\PSoC4/cyfitter_cfg.c **** 	CY_SET_XTND_REG32((void CYFAR *)CYREG_SAR_CTRL, 0x80000000u);
 232:Generated_Source\PSoC4/cyfitter_cfg.c **** 	CY_SET_XTND_REG32((void CYFAR *)CYREG_SAR_MUX_SWITCH0, 0x000060A0u);
 233:Generated_Source\PSoC4/cyfitter_cfg.c **** 	CY_SET_XTND_REG32((void CYFAR *)CYREG_SAR_MUX_SWITCH_HW_CTRL, 0x000000E0u);
 234:Generated_Source\PSoC4/cyfitter_cfg.c **** 	CY_SET_XTND_REG32((void CYFAR *)CYREG_PASS_PASS_CTRL, 0x00000003u);
 235:Generated_Source\PSoC4/cyfitter_cfg.c **** 	CY_SET_XTND_REG32((void CYFAR *)CYREG_PASS_PRB_CTRL, 0x80000001u);
 236:Generated_Source\PSoC4/cyfitter_cfg.c **** 	CY_SET_XTND_REG32((void CYFAR *)CYREG_PASS_PRB_REF0, 0x000000F1u);
 237:Generated_Source\PSoC4/cyfitter_cfg.c **** 	CY_SET_XTND_REG32((void CYFAR *)CYREG_PASS_DSAB_DSAB_CTRL, 0x00000000u);
 238:Generated_Source\PSoC4/cyfitter_cfg.c **** 	SetAnalogRoutingPumps(1);
 239:Generated_Source\PSoC4/cyfitter_cfg.c **** }
 240:Generated_Source\PSoC4/cyfitter_cfg.c **** 
 241:Generated_Source\PSoC4/cyfitter_cfg.c **** 
 242:Generated_Source\PSoC4/cyfitter_cfg.c **** /*******************************************************************************
 243:Generated_Source\PSoC4/cyfitter_cfg.c **** * Function Name: SetAnalogRoutingPumps
 244:Generated_Source\PSoC4/cyfitter_cfg.c **** ********************************************************************************
 245:Generated_Source\PSoC4/cyfitter_cfg.c **** *
 246:Generated_Source\PSoC4/cyfitter_cfg.c **** * Summary:
 247:Generated_Source\PSoC4/cyfitter_cfg.c **** * Enables or disables the analog pumps feeding analog routing switches.
 248:Generated_Source\PSoC4/cyfitter_cfg.c **** * Intended to be called at startup, based on the Vdda system configuration;
 249:Generated_Source\PSoC4/cyfitter_cfg.c **** * may be called during operation when the user informs us that the Vdda voltage crossed the pump th
 250:Generated_Source\PSoC4/cyfitter_cfg.c **** *
 251:Generated_Source\PSoC4/cyfitter_cfg.c **** * Parameters:
 252:Generated_Source\PSoC4/cyfitter_cfg.c **** *  enabled - 1 to enable the pumps, 0 to disable the pumps
 253:Generated_Source\PSoC4/cyfitter_cfg.c **** *
 254:Generated_Source\PSoC4/cyfitter_cfg.c **** * Return:
 255:Generated_Source\PSoC4/cyfitter_cfg.c **** *  void
 256:Generated_Source\PSoC4/cyfitter_cfg.c **** *
ARM GAS  C:\Users\INDERP~1\AppData\Local\Temp\cchaTyBS.s 			page 8


 257:Generated_Source\PSoC4/cyfitter_cfg.c **** *******************************************************************************/
 258:Generated_Source\PSoC4/cyfitter_cfg.c **** void SetAnalogRoutingPumps(uint8 enabled)
 259:Generated_Source\PSoC4/cyfitter_cfg.c **** {
 144              		.loc 1 259 0
 145              		.cfi_startproc
 146              	.LVL2:
 260:Generated_Source\PSoC4/cyfitter_cfg.c **** 	uint32 regValue = CY_GET_XTND_REG32((void *)(CYREG_SAR_PUMP_CTRL));
 147              		.loc 1 260 0
 148 0000 064B     		ldr	r3, .L7
 149 0002 1B68     		ldr	r3, [r3]
 150              	.LVL3:
 261:Generated_Source\PSoC4/cyfitter_cfg.c **** 	if (enabled != 0u)
 151              		.loc 1 261 0
 152 0004 0028     		cmp	r0, #0
 153 0006 03D0     		beq	.L5
 262:Generated_Source\PSoC4/cyfitter_cfg.c **** 	{
 263:Generated_Source\PSoC4/cyfitter_cfg.c **** 		regValue |= 0x80000000u;
 154              		.loc 1 263 0
 155 0008 8022     		mov	r2, #128
 156 000a 1206     		lsl	r2, r2, #24
 157 000c 1343     		orr	r3, r2
 158              	.LVL4:
 159 000e 01E0     		b	.L6
 160              	.L5:
 264:Generated_Source\PSoC4/cyfitter_cfg.c **** 	}
 265:Generated_Source\PSoC4/cyfitter_cfg.c **** 	else
 266:Generated_Source\PSoC4/cyfitter_cfg.c **** 	{
 267:Generated_Source\PSoC4/cyfitter_cfg.c **** 		regValue &= ~0x80000000u;
 161              		.loc 1 267 0
 162 0010 5B00     		lsl	r3, r3, #1
 163              	.LVL5:
 164 0012 5B08     		lsr	r3, r3, #1
 165              	.LVL6:
 166              	.L6:
 268:Generated_Source\PSoC4/cyfitter_cfg.c **** 	}
 269:Generated_Source\PSoC4/cyfitter_cfg.c **** 	CY_SET_XTND_REG32((void *)(CYREG_SAR_PUMP_CTRL), regValue);
 167              		.loc 1 269 0
 168 0014 014A     		ldr	r2, .L7
 169 0016 1360     		str	r3, [r2]
 270:Generated_Source\PSoC4/cyfitter_cfg.c **** }
 170              		.loc 1 270 0
 171              		@ sp needed
 172 0018 7047     		bx	lr
 173              	.L8:
 174 001a C046     		.align	2
 175              	.L7:
 176 001c 80033A40 		.word	1077543808
 177              		.cfi_endproc
 178              	.LFE6:
 179              		.size	SetAnalogRoutingPumps, .-SetAnalogRoutingPumps
 180              		.section	.text.AnalogSetDefault,"ax",%progbits
 181              		.align	2
 182              		.code	16
 183              		.thumb_func
 184              		.type	AnalogSetDefault, %function
 185              	AnalogSetDefault:
 186              	.LFB5:
ARM GAS  C:\Users\INDERP~1\AppData\Local\Temp\cchaTyBS.s 			page 9


 216:Generated_Source\PSoC4/cyfitter_cfg.c **** 	CY_SET_XTND_REG32((void CYFAR *)CYREG_HSIOM_AMUX_SPLIT_CTL2, 0x00000003u);
 187              		.loc 1 216 0
 188              		.cfi_startproc
 189 0000 08B5     		push	{r3, lr}
 190              		.cfi_def_cfa_offset 8
 191              		.cfi_offset 3, -8
 192              		.cfi_offset 14, -4
 217:Generated_Source\PSoC4/cyfitter_cfg.c **** 	CY_SET_XTND_REG32((void CYFAR *)CYREG_CTB0_CTB_CTRL, 0x80000000u);
 193              		.loc 1 217 0
 194 0002 0322     		mov	r2, #3
 195 0004 204B     		ldr	r3, .L10
 196 0006 1A60     		str	r2, [r3]
 218:Generated_Source\PSoC4/cyfitter_cfg.c **** 	CY_SET_XTND_REG32((void CYFAR *)CYREG_CTB0_OA0_SW, 0x00000804u);
 197              		.loc 1 218 0
 198 0008 8023     		mov	r3, #128
 199 000a 1B06     		lsl	r3, r3, #24
 200 000c 1F49     		ldr	r1, .L10+4
 201 000e 0B60     		str	r3, [r1]
 219:Generated_Source\PSoC4/cyfitter_cfg.c **** 	CY_SET_XTND_REG32((void CYFAR *)CYREG_CTB0_OA1_SW, 0x01001008u);
 202              		.loc 1 219 0
 203 0010 1F48     		ldr	r0, .L10+8
 204 0012 2049     		ldr	r1, .L10+12
 205 0014 0860     		str	r0, [r1]
 220:Generated_Source\PSoC4/cyfitter_cfg.c **** 	CY_SET_XTND_REG32((void CYFAR *)CYREG_CTB0_CTBBUS_SW, 0x00100000u);
 206              		.loc 1 220 0
 207 0016 2048     		ldr	r0, .L10+16
 208 0018 2049     		ldr	r1, .L10+20
 209 001a 0860     		str	r0, [r1]
 221:Generated_Source\PSoC4/cyfitter_cfg.c **** 	CY_SET_XTND_REG32((void CYFAR *)CYREG_CTB1_CTB_CTRL, 0x80000000u);
 210              		.loc 1 221 0
 211 001c 8020     		mov	r0, #128
 212 001e 4003     		lsl	r0, r0, #13
 213 0020 1F49     		ldr	r1, .L10+24
 214 0022 0860     		str	r0, [r1]
 222:Generated_Source\PSoC4/cyfitter_cfg.c **** 	CY_SET_XTND_REG32((void CYFAR *)CYREG_CTB1_OA0_SW, 0x22000004u);
 215              		.loc 1 222 0
 216 0024 1F49     		ldr	r1, .L10+28
 217 0026 0B60     		str	r3, [r1]
 223:Generated_Source\PSoC4/cyfitter_cfg.c **** 	CY_SET_XTND_REG32((void CYFAR *)CYREG_CTB1_OA1_SW, 0x01080080u);
 218              		.loc 1 223 0
 219 0028 1F48     		ldr	r0, .L10+32
 220 002a 2049     		ldr	r1, .L10+36
 221 002c 0860     		str	r0, [r1]
 224:Generated_Source\PSoC4/cyfitter_cfg.c **** 	CY_SET_XTND_REG32((void CYFAR *)CYREG_CTB1_CTBBUS_SW, 0x00000008u);
 222              		.loc 1 224 0
 223 002e 2048     		ldr	r0, .L10+40
 224 0030 2049     		ldr	r1, .L10+44
 225 0032 0860     		str	r0, [r1]
 225:Generated_Source\PSoC4/cyfitter_cfg.c **** 	CY_SET_XTND_REG32((void CYFAR *)CYREG_ART_CTRL, 0x80000000u);
 226              		.loc 1 225 0
 227 0034 0820     		mov	r0, #8
 228 0036 2049     		ldr	r1, .L10+48
 229 0038 0860     		str	r0, [r1]
 226:Generated_Source\PSoC4/cyfitter_cfg.c **** 	CY_SET_XTND_REG32((void CYFAR *)CYREG_ART_SARMUXVPLUS_SW, 0x01000012u);
 230              		.loc 1 226 0
 231 003a 2049     		ldr	r1, .L10+52
 232 003c 0B60     		str	r3, [r1]
ARM GAS  C:\Users\INDERP~1\AppData\Local\Temp\cchaTyBS.s 			page 10


 227:Generated_Source\PSoC4/cyfitter_cfg.c **** 	CY_SET_XTND_REG32((void CYFAR *)CYREG_ART_SARMUXVMINUS_SW, 0x02000020u);
 233              		.loc 1 227 0
 234 003e 2048     		ldr	r0, .L10+56
 235 0040 2049     		ldr	r1, .L10+60
 236 0042 0860     		str	r0, [r1]
 228:Generated_Source\PSoC4/cyfitter_cfg.c **** 	CY_SET_XTND_REG32((void CYFAR *)CYREG_ART_SARMUX_SW_HW_CTRL, 0x00000032u);
 237              		.loc 1 228 0
 238 0044 2048     		ldr	r0, .L10+64
 239 0046 2149     		ldr	r1, .L10+68
 240 0048 0860     		str	r0, [r1]
 229:Generated_Source\PSoC4/cyfitter_cfg.c **** 	CY_SET_XTND_REG32((void CYFAR *)CYREG_ART_CTB1VREF_SW, 0x00020000u);
 241              		.loc 1 229 0
 242 004a 3220     		mov	r0, #50
 243 004c 2049     		ldr	r1, .L10+72
 244 004e 0860     		str	r0, [r1]
 230:Generated_Source\PSoC4/cyfitter_cfg.c **** 	CY_SET_XTND_REG32((void CYFAR *)CYREG_SAR_CTRL, 0x80000000u);
 245              		.loc 1 230 0
 246 0050 8020     		mov	r0, #128
 247 0052 8002     		lsl	r0, r0, #10
 248 0054 1F49     		ldr	r1, .L10+76
 249 0056 0860     		str	r0, [r1]
 231:Generated_Source\PSoC4/cyfitter_cfg.c **** 	CY_SET_XTND_REG32((void CYFAR *)CYREG_SAR_MUX_SWITCH0, 0x000060A0u);
 250              		.loc 1 231 0
 251 0058 1F49     		ldr	r1, .L10+80
 252 005a 0B60     		str	r3, [r1]
 232:Generated_Source\PSoC4/cyfitter_cfg.c **** 	CY_SET_XTND_REG32((void CYFAR *)CYREG_SAR_MUX_SWITCH_HW_CTRL, 0x000000E0u);
 253              		.loc 1 232 0
 254 005c 1F49     		ldr	r1, .L10+84
 255 005e 204B     		ldr	r3, .L10+88
 256 0060 1960     		str	r1, [r3]
 233:Generated_Source\PSoC4/cyfitter_cfg.c **** 	CY_SET_XTND_REG32((void CYFAR *)CYREG_PASS_PASS_CTRL, 0x00000003u);
 257              		.loc 1 233 0
 258 0062 E021     		mov	r1, #224
 259 0064 1F4B     		ldr	r3, .L10+92
 260 0066 1960     		str	r1, [r3]
 234:Generated_Source\PSoC4/cyfitter_cfg.c **** 	CY_SET_XTND_REG32((void CYFAR *)CYREG_PASS_PRB_CTRL, 0x80000001u);
 261              		.loc 1 234 0
 262 0068 1F4B     		ldr	r3, .L10+96
 263 006a 1A60     		str	r2, [r3]
 235:Generated_Source\PSoC4/cyfitter_cfg.c **** 	CY_SET_XTND_REG32((void CYFAR *)CYREG_PASS_PRB_REF0, 0x000000F1u);
 264              		.loc 1 235 0
 265 006c 1F4A     		ldr	r2, .L10+100
 266 006e 204B     		ldr	r3, .L10+104
 267 0070 1A60     		str	r2, [r3]
 236:Generated_Source\PSoC4/cyfitter_cfg.c **** 	CY_SET_XTND_REG32((void CYFAR *)CYREG_PASS_DSAB_DSAB_CTRL, 0x00000000u);
 268              		.loc 1 236 0
 269 0072 F122     		mov	r2, #241
 270 0074 1F4B     		ldr	r3, .L10+108
 271 0076 1A60     		str	r2, [r3]
 237:Generated_Source\PSoC4/cyfitter_cfg.c **** 	SetAnalogRoutingPumps(1);
 272              		.loc 1 237 0
 273 0078 0022     		mov	r2, #0
 274 007a 1F4B     		ldr	r3, .L10+112
 275 007c 1A60     		str	r2, [r3]
 238:Generated_Source\PSoC4/cyfitter_cfg.c **** }
 276              		.loc 1 238 0
 277 007e 0120     		mov	r0, #1
ARM GAS  C:\Users\INDERP~1\AppData\Local\Temp\cchaTyBS.s 			page 11


 278 0080 FFF7FEFF 		bl	SetAnalogRoutingPumps
 279              	.LVL7:
 239:Generated_Source\PSoC4/cyfitter_cfg.c **** 
 280              		.loc 1 239 0
 281              		@ sp needed
 282 0084 08BD     		pop	{r3, pc}
 283              	.L11:
 284 0086 C046     		.align	2
 285              	.L10:
 286 0088 08210240 		.word	1073881352
 287 008c 00003040 		.word	1076887552
 288 0090 04080000 		.word	2052
 289 0094 80003040 		.word	1076887680
 290 0098 08100001 		.word	16781320
 291 009c 88003040 		.word	1076887688
 292 00a0 90003040 		.word	1076887696
 293 00a4 00003140 		.word	1076953088
 294 00a8 04000022 		.word	570425348
 295 00ac 80003140 		.word	1076953216
 296 00b0 80000801 		.word	17301632
 297 00b4 88003140 		.word	1076953224
 298 00b8 90003140 		.word	1076953232
 299 00bc 00003840 		.word	1077411840
 300 00c0 12000001 		.word	16777234
 301 00c4 10003840 		.word	1077411856
 302 00c8 20000002 		.word	33554464
 303 00cc 18003840 		.word	1077411864
 304 00d0 60003840 		.word	1077411936
 305 00d4 C0013840 		.word	1077412288
 306 00d8 00003A40 		.word	1077542912
 307 00dc A0600000 		.word	24736
 308 00e0 00033A40 		.word	1077543680
 309 00e4 40033A40 		.word	1077543744
 310 00e8 08013F40 		.word	1077870856
 311 00ec 01000080 		.word	-2147483647
 312 00f0 00023F40 		.word	1077871104
 313 00f4 04023F40 		.word	1077871108
 314 00f8 000E3F40 		.word	1077874176
 315              		.cfi_endproc
 316              	.LFE5:
 317              		.size	AnalogSetDefault, .-AnalogSetDefault
 318              		.section	.psocinit
 319              		.align	2
 320              		.global	cyfitter_cfg
 321              		.code	16
 322              		.thumb_func
 323              		.type	cyfitter_cfg, %function
 324              	cyfitter_cfg:
 325              	.LFB7:
 271:Generated_Source\PSoC4/cyfitter_cfg.c **** 
 272:Generated_Source\PSoC4/cyfitter_cfg.c **** #define CY_AMUX_UNUSED CYREG_CM0P_ROM_DWT
 273:Generated_Source\PSoC4/cyfitter_cfg.c **** 
 274:Generated_Source\PSoC4/cyfitter_cfg.c **** 
 275:Generated_Source\PSoC4/cyfitter_cfg.c **** /*******************************************************************************
 276:Generated_Source\PSoC4/cyfitter_cfg.c **** * Function Name: cyfitter_cfg
 277:Generated_Source\PSoC4/cyfitter_cfg.c **** ********************************************************************************
 278:Generated_Source\PSoC4/cyfitter_cfg.c **** * Summary:
ARM GAS  C:\Users\INDERP~1\AppData\Local\Temp\cchaTyBS.s 			page 12


 279:Generated_Source\PSoC4/cyfitter_cfg.c **** *  This function is called by the start-up code for the selected device. It
 280:Generated_Source\PSoC4/cyfitter_cfg.c **** *  performs all of the necessary device configuration based on the design
 281:Generated_Source\PSoC4/cyfitter_cfg.c **** *  settings.  This includes settings from the Design Wide Resources (DWR) such
 282:Generated_Source\PSoC4/cyfitter_cfg.c **** *  as Clocks and Pins as well as any component configuration that is necessary.
 283:Generated_Source\PSoC4/cyfitter_cfg.c **** *
 284:Generated_Source\PSoC4/cyfitter_cfg.c **** * Parameters:  
 285:Generated_Source\PSoC4/cyfitter_cfg.c **** *   void
 286:Generated_Source\PSoC4/cyfitter_cfg.c **** *
 287:Generated_Source\PSoC4/cyfitter_cfg.c **** * Return:
 288:Generated_Source\PSoC4/cyfitter_cfg.c **** *   void
 289:Generated_Source\PSoC4/cyfitter_cfg.c **** *
 290:Generated_Source\PSoC4/cyfitter_cfg.c **** *******************************************************************************/
 291:Generated_Source\PSoC4/cyfitter_cfg.c **** CY_CFG_SECTION
 292:Generated_Source\PSoC4/cyfitter_cfg.c **** void cyfitter_cfg(void)
 293:Generated_Source\PSoC4/cyfitter_cfg.c **** {
 326              		.loc 1 293 0
 327              		.cfi_startproc
 328 00c0 08B5     		push	{r3, lr}
 329              		.cfi_def_cfa_offset 8
 330              		.cfi_offset 3, -8
 331              		.cfi_offset 14, -4
 294:Generated_Source\PSoC4/cyfitter_cfg.c **** 	/* Disable interrupts by default. Let user enable if/when they want. */
 295:Generated_Source\PSoC4/cyfitter_cfg.c **** 	CyGlobalIntDisable;
 332              		.loc 1 295 0
 333              	@ 295 "Generated_Source\PSoC4\cyfitter_cfg.c" 1
 334 00c2 72B6     		CPSID   i
 335              	@ 0 "" 2
 296:Generated_Source\PSoC4/cyfitter_cfg.c **** 
 297:Generated_Source\PSoC4/cyfitter_cfg.c **** 	{
 298:Generated_Source\PSoC4/cyfitter_cfg.c **** 		/* HSIOM Starting address: CYDEV_HSIOM_BASE */
 299:Generated_Source\PSoC4/cyfitter_cfg.c **** 		CY_SET_XTND_REG32((void CYFAR *)(CYDEV_HSIOM_BASE), 0x000000EEu);
 336              		.loc 1 299 0
 337              		.code	16
 338 00c4 EE23     		mov	r3, #238
 339 00c6 174A     		ldr	r2, .L13
 340 00c8 1360     		str	r3, [r2]
 300:Generated_Source\PSoC4/cyfitter_cfg.c **** 		CY_SET_XTND_REG32((void CYFAR *)(CYREG_HSIOM_PORT_SEL4), 0x000000EEu);
 341              		.loc 1 300 0
 342 00ca 174A     		ldr	r2, .L13+4
 343 00cc 1360     		str	r3, [r2]
 301:Generated_Source\PSoC4/cyfitter_cfg.c **** 
 302:Generated_Source\PSoC4/cyfitter_cfg.c **** 		/* PASS_SAR_TRIG_SEL Starting address: CYDEV_PASS_SAR_TRIG_SEL */
 303:Generated_Source\PSoC4/cyfitter_cfg.c **** 		CY_SET_XTND_REG32((void CYFAR *)(CYREG_PASS_SAR_TRIG_SEL), 0x00000000u);
 344              		.loc 1 303 0
 345 00ce 0022     		mov	r2, #0
 346 00d0 164B     		ldr	r3, .L13+8
 347 00d2 1A60     		str	r2, [r3]
 304:Generated_Source\PSoC4/cyfitter_cfg.c **** 
 305:Generated_Source\PSoC4/cyfitter_cfg.c **** 	}
 306:Generated_Source\PSoC4/cyfitter_cfg.c **** 
 307:Generated_Source\PSoC4/cyfitter_cfg.c **** 	/* Perform second pass device configuration. These items must be configured in specific order afte
 308:Generated_Source\PSoC4/cyfitter_cfg.c **** 	/* IOPINS0_0 Starting address: CYDEV_GPIO_PRT0_BASE */
 309:Generated_Source\PSoC4/cyfitter_cfg.c **** 	CY_SET_XTND_REG32((void CYFAR *)(CYREG_GPIO_PRT0_PC), 0x00000036u);
 348              		.loc 1 309 0
 349 00d4 3632     		add	r2, r2, #54
 350 00d6 164B     		ldr	r3, .L13+12
 351 00d8 1A60     		str	r2, [r3]
ARM GAS  C:\Users\INDERP~1\AppData\Local\Temp\cchaTyBS.s 			page 13


 310:Generated_Source\PSoC4/cyfitter_cfg.c **** 
 311:Generated_Source\PSoC4/cyfitter_cfg.c **** 	/* IOPINS0_1 Starting address: CYDEV_GPIO_PRT1_BASE */
 312:Generated_Source\PSoC4/cyfitter_cfg.c **** 	CY_SET_XTND_REG32((void CYFAR *)(CYDEV_GPIO_PRT1_BASE), 0x000000F9u);
 352              		.loc 1 312 0
 353 00da C332     		add	r2, r2, #195
 354 00dc 154B     		ldr	r3, .L13+16
 355 00de 1A60     		str	r2, [r3]
 313:Generated_Source\PSoC4/cyfitter_cfg.c **** 	CY_SET_XTND_REG32((void CYFAR *)(CYREG_GPIO_PRT1_PC), 0x00186000u);
 356              		.loc 1 313 0
 357 00e0 C322     		mov	r2, #195
 358 00e2 5203     		lsl	r2, r2, #13
 359 00e4 144B     		ldr	r3, .L13+20
 360 00e6 1A60     		str	r2, [r3]
 314:Generated_Source\PSoC4/cyfitter_cfg.c **** 	CY_SET_XTND_REG32((void CYFAR *)(CYREG_GPIO_PRT1_PC2), 0x000000A9u);
 361              		.loc 1 314 0
 362 00e8 A922     		mov	r2, #169
 363 00ea 144B     		ldr	r3, .L13+24
 364 00ec 1A60     		str	r2, [r3]
 315:Generated_Source\PSoC4/cyfitter_cfg.c **** 
 316:Generated_Source\PSoC4/cyfitter_cfg.c **** 	/* IOPINS0_2 Starting address: CYDEV_GPIO_PRT2_BASE */
 317:Generated_Source\PSoC4/cyfitter_cfg.c **** 	CY_SET_XTND_REG32((void CYFAR *)(CYDEV_GPIO_PRT2_BASE), 0x0000001Fu);
 365              		.loc 1 317 0
 366 00ee 1F23     		mov	r3, #31
 367 00f0 134A     		ldr	r2, .L13+28
 368 00f2 1360     		str	r3, [r2]
 318:Generated_Source\PSoC4/cyfitter_cfg.c **** 	CY_SET_XTND_REG32((void CYFAR *)(CYREG_GPIO_PRT2_PC2), 0x0000001Fu);
 369              		.loc 1 318 0
 370 00f4 134A     		ldr	r2, .L13+32
 371 00f6 1360     		str	r3, [r2]
 319:Generated_Source\PSoC4/cyfitter_cfg.c **** 
 320:Generated_Source\PSoC4/cyfitter_cfg.c **** 	/* IOPINS0_3 Starting address: CYDEV_GPIO_PRT3_BASE */
 321:Generated_Source\PSoC4/cyfitter_cfg.c **** 	CY_SET_XTND_REG32((void CYFAR *)(CYDEV_GPIO_PRT3_BASE), 0x000000E0u);
 372              		.loc 1 321 0
 373 00f8 C133     		add	r3, r3, #193
 374 00fa 134A     		ldr	r2, .L13+36
 375 00fc 1360     		str	r3, [r2]
 322:Generated_Source\PSoC4/cyfitter_cfg.c **** 	CY_SET_XTND_REG32((void CYFAR *)(CYREG_GPIO_PRT3_PC2), 0x000000E0u);
 376              		.loc 1 322 0
 377 00fe 134A     		ldr	r2, .L13+40
 378 0100 1360     		str	r3, [r2]
 323:Generated_Source\PSoC4/cyfitter_cfg.c **** 
 324:Generated_Source\PSoC4/cyfitter_cfg.c **** 	/* IOPINS0_4 Starting address: CYDEV_GPIO_PRT4_BASE */
 325:Generated_Source\PSoC4/cyfitter_cfg.c **** 	CY_SET_XTND_REG32((void CYFAR *)(CYDEV_GPIO_PRT4_BASE), 0x00000003u);
 379              		.loc 1 325 0
 380 0102 0322     		mov	r2, #3
 381 0104 124B     		ldr	r3, .L13+44
 382 0106 1A60     		str	r2, [r3]
 326:Generated_Source\PSoC4/cyfitter_cfg.c **** 	CY_SET_XTND_REG32((void CYFAR *)(CYREG_GPIO_PRT4_PC), 0x00000024u);
 383              		.loc 1 326 0
 384 0108 2132     		add	r2, r2, #33
 385 010a 124B     		ldr	r3, .L13+48
 386 010c 1A60     		str	r2, [r3]
 327:Generated_Source\PSoC4/cyfitter_cfg.c **** 
 328:Generated_Source\PSoC4/cyfitter_cfg.c **** 	/* IOPINS0_5 Starting address: CYDEV_GPIO_PRT5_BASE */
 329:Generated_Source\PSoC4/cyfitter_cfg.c **** 	CY_SET_XTND_REG32((void CYFAR *)(CYDEV_GPIO_PRT5_BASE), 0x00000001u);
 387              		.loc 1 329 0
 388 010e 0123     		mov	r3, #1
ARM GAS  C:\Users\INDERP~1\AppData\Local\Temp\cchaTyBS.s 			page 14


 389 0110 114A     		ldr	r2, .L13+52
 390 0112 1360     		str	r3, [r2]
 330:Generated_Source\PSoC4/cyfitter_cfg.c **** 	CY_SET_XTND_REG32((void CYFAR *)(CYREG_GPIO_PRT5_PC2), 0x00000001u);
 391              		.loc 1 330 0
 392 0114 114A     		ldr	r2, .L13+56
 393 0116 1360     		str	r3, [r2]
 331:Generated_Source\PSoC4/cyfitter_cfg.c **** 
 332:Generated_Source\PSoC4/cyfitter_cfg.c **** 
 333:Generated_Source\PSoC4/cyfitter_cfg.c **** 	/* Setup clocks based on selections from Clock DWR */
 334:Generated_Source\PSoC4/cyfitter_cfg.c **** 	ClockSetup();
 394              		.loc 1 334 0
 395 0118 FFF772FF 		bl	ClockSetup
 396              	.LVL8:
 335:Generated_Source\PSoC4/cyfitter_cfg.c **** 
 336:Generated_Source\PSoC4/cyfitter_cfg.c **** 	/* Perform basic analog initialization to defaults */
 337:Generated_Source\PSoC4/cyfitter_cfg.c **** 	AnalogSetDefault();
 397              		.loc 1 337 0
 398 011c FFF7FEFF 		bl	AnalogSetDefault
 399              	.LVL9:
 338:Generated_Source\PSoC4/cyfitter_cfg.c **** 
 339:Generated_Source\PSoC4/cyfitter_cfg.c **** }
 400              		.loc 1 339 0
 401              		@ sp needed
 402 0120 08BD     		pop	{r3, pc}
 403              	.L14:
 404 0122 C046     		.align	2
 405              	.L13:
 406 0124 00000240 		.word	1073872896
 407 0128 00040240 		.word	1073873920
 408 012c 04013F40 		.word	1077870852
 409 0130 08000440 		.word	1074003976
 410 0134 00010440 		.word	1074004224
 411 0138 08010440 		.word	1074004232
 412 013c 18010440 		.word	1074004248
 413 0140 00020440 		.word	1074004480
 414 0144 18020440 		.word	1074004504
 415 0148 00030440 		.word	1074004736
 416 014c 18030440 		.word	1074004760
 417 0150 00040440 		.word	1074004992
 418 0154 08040440 		.word	1074005000
 419 0158 00050440 		.word	1074005248
 420 015c 18050440 		.word	1074005272
 421              		.cfi_endproc
 422              	.LFE7:
 423              		.size	cyfitter_cfg, .-cyfitter_cfg
 424              		.text
 425              	.Letext0:
 426              		.file 2 "Generated_Source\\PSoC4\\cytypes.h"
 427              		.file 3 "Generated_Source\\PSoC4\\CyLib.h"
 428              		.file 4 "Generated_Source\\PSoC4\\CyLFClk.h"
 429              		.section	.debug_info,"",%progbits
 430              	.Ldebug_info0:
 431 0000 87010000 		.4byte	0x187
 432 0004 0400     		.2byte	0x4
 433 0006 00000000 		.4byte	.Ldebug_abbrev0
 434 000a 04       		.byte	0x4
 435 000b 01       		.uleb128 0x1
ARM GAS  C:\Users\INDERP~1\AppData\Local\Temp\cchaTyBS.s 			page 15


 436 000c 97010000 		.4byte	.LASF20
 437 0010 01       		.byte	0x1
 438 0011 15000000 		.4byte	.LASF21
 439 0015 48000000 		.4byte	.LASF22
 440 0019 00000000 		.4byte	.Ldebug_ranges0+0
 441 001d 00000000 		.4byte	0
 442 0021 00000000 		.4byte	.Ldebug_line0
 443 0025 02       		.uleb128 0x2
 444 0026 04       		.byte	0x4
 445 0027 05       		.byte	0x5
 446 0028 696E7400 		.ascii	"int\000"
 447 002c 03       		.uleb128 0x3
 448 002d 04       		.byte	0x4
 449 002e 07       		.byte	0x7
 450 002f 3B000000 		.4byte	.LASF0
 451 0033 03       		.uleb128 0x3
 452 0034 01       		.byte	0x1
 453 0035 06       		.byte	0x6
 454 0036 8B010000 		.4byte	.LASF1
 455 003a 03       		.uleb128 0x3
 456 003b 01       		.byte	0x1
 457 003c 08       		.byte	0x8
 458 003d 1C010000 		.4byte	.LASF2
 459 0041 03       		.uleb128 0x3
 460 0042 02       		.byte	0x2
 461 0043 05       		.byte	0x5
 462 0044 3A020000 		.4byte	.LASF3
 463 0048 03       		.uleb128 0x3
 464 0049 02       		.byte	0x2
 465 004a 07       		.byte	0x7
 466 004b 78010000 		.4byte	.LASF4
 467 004f 03       		.uleb128 0x3
 468 0050 04       		.byte	0x4
 469 0051 05       		.byte	0x5
 470 0052 2F010000 		.4byte	.LASF5
 471 0056 03       		.uleb128 0x3
 472 0057 04       		.byte	0x4
 473 0058 07       		.byte	0x7
 474 0059 B5000000 		.4byte	.LASF6
 475 005d 03       		.uleb128 0x3
 476 005e 08       		.byte	0x8
 477 005f 05       		.byte	0x5
 478 0060 00000000 		.4byte	.LASF7
 479 0064 03       		.uleb128 0x3
 480 0065 08       		.byte	0x8
 481 0066 07       		.byte	0x7
 482 0067 D4000000 		.4byte	.LASF8
 483 006b 03       		.uleb128 0x3
 484 006c 04       		.byte	0x4
 485 006d 07       		.byte	0x7
 486 006e 44020000 		.4byte	.LASF9
 487 0072 03       		.uleb128 0x3
 488 0073 01       		.byte	0x1
 489 0074 08       		.byte	0x8
 490 0075 2A010000 		.4byte	.LASF10
 491 0079 04       		.uleb128 0x4
 492 007a AF000000 		.4byte	.LASF11
ARM GAS  C:\Users\INDERP~1\AppData\Local\Temp\cchaTyBS.s 			page 16


 493 007e 02       		.byte	0x2
 494 007f B901     		.2byte	0x1b9
 495 0081 3A000000 		.4byte	0x3a
 496 0085 04       		.uleb128 0x4
 497 0086 0E000000 		.4byte	.LASF12
 498 008a 02       		.byte	0x2
 499 008b BB01     		.2byte	0x1bb
 500 008d 56000000 		.4byte	0x56
 501 0091 03       		.uleb128 0x3
 502 0092 04       		.byte	0x4
 503 0093 04       		.byte	0x4
 504 0094 EB000000 		.4byte	.LASF13
 505 0098 03       		.uleb128 0x3
 506 0099 08       		.byte	0x8
 507 009a 04       		.byte	0x4
 508 009b 6B010000 		.4byte	.LASF14
 509 009f 04       		.uleb128 0x4
 510 00a0 72010000 		.4byte	.LASF15
 511 00a4 02       		.byte	0x2
 512 00a5 6502     		.2byte	0x265
 513 00a7 AB000000 		.4byte	0xab
 514 00ab 05       		.uleb128 0x5
 515 00ac 85000000 		.4byte	0x85
 516 00b0 06       		.uleb128 0x6
 517 00b1 49010000 		.4byte	.LASF16
 518 00b5 01       		.byte	0x1
 519 00b6 9A       		.byte	0x9a
 520 00b7 00000000 		.4byte	.LFB4
 521 00bb C0000000 		.4byte	.LFE4-.LFB4
 522 00bf 01       		.uleb128 0x1
 523 00c0 9C       		.byte	0x9c
 524 00c1 E9000000 		.4byte	0xe9
 525 00c5 07       		.uleb128 0x7
 526 00c6 0E000000 		.4byte	.LVL0
 527 00ca 6C010000 		.4byte	0x16c
 528 00ce D9000000 		.4byte	0xd9
 529 00d2 08       		.uleb128 0x8
 530 00d3 01       		.uleb128 0x1
 531 00d4 50       		.byte	0x50
 532 00d5 02       		.uleb128 0x2
 533 00d6 08       		.byte	0x8
 534 00d7 30       		.byte	0x30
 535 00d8 00       		.byte	0
 536 00d9 09       		.uleb128 0x9
 537 00da 72000000 		.4byte	.LVL1
 538 00de 7D010000 		.4byte	0x17d
 539 00e2 08       		.uleb128 0x8
 540 00e3 01       		.uleb128 0x1
 541 00e4 50       		.byte	0x50
 542 00e5 01       		.uleb128 0x1
 543 00e6 30       		.byte	0x30
 544 00e7 00       		.byte	0
 545 00e8 00       		.byte	0
 546 00e9 0A       		.uleb128 0xa
 547 00ea F1000000 		.4byte	.LASF18
 548 00ee 01       		.byte	0x1
 549 00ef 0201     		.2byte	0x102
ARM GAS  C:\Users\INDERP~1\AppData\Local\Temp\cchaTyBS.s 			page 17


 550 00f1 00000000 		.4byte	.LFB6
 551 00f5 20000000 		.4byte	.LFE6-.LFB6
 552 00f9 01       		.uleb128 0x1
 553 00fa 9C       		.byte	0x9c
 554 00fb 1E010000 		.4byte	0x11e
 555 00ff 0B       		.uleb128 0xb
 556 0100 29020000 		.4byte	.LASF23
 557 0104 01       		.byte	0x1
 558 0105 0201     		.2byte	0x102
 559 0107 79000000 		.4byte	0x79
 560 010b 01       		.uleb128 0x1
 561 010c 50       		.byte	0x50
 562 010d 0C       		.uleb128 0xc
 563 010e 31020000 		.4byte	.LASF24
 564 0112 01       		.byte	0x1
 565 0113 0401     		.2byte	0x104
 566 0115 85000000 		.4byte	0x85
 567 0119 00000000 		.4byte	.LLST0
 568 011d 00       		.byte	0
 569 011e 06       		.uleb128 0x6
 570 011f 38010000 		.4byte	.LASF17
 571 0123 01       		.byte	0x1
 572 0124 D7       		.byte	0xd7
 573 0125 00000000 		.4byte	.LFB5
 574 0129 FC000000 		.4byte	.LFE5-.LFB5
 575 012d 01       		.uleb128 0x1
 576 012e 9C       		.byte	0x9c
 577 012f 43010000 		.4byte	0x143
 578 0133 09       		.uleb128 0x9
 579 0134 84000000 		.4byte	.LVL7
 580 0138 E9000000 		.4byte	0xe9
 581 013c 08       		.uleb128 0x8
 582 013d 01       		.uleb128 0x1
 583 013e 50       		.byte	0x50
 584 013f 01       		.uleb128 0x1
 585 0140 31       		.byte	0x31
 586 0141 00       		.byte	0
 587 0142 00       		.byte	0
 588 0143 0A       		.uleb128 0xa
 589 0144 C7000000 		.4byte	.LASF19
 590 0148 01       		.byte	0x1
 591 0149 2401     		.2byte	0x124
 592 014b C0000000 		.4byte	.LFB7
 593 014f A0000000 		.4byte	.LFE7-.LFB7
 594 0153 01       		.uleb128 0x1
 595 0154 9C       		.byte	0x9c
 596 0155 6C010000 		.4byte	0x16c
 597 0159 0D       		.uleb128 0xd
 598 015a 1C010000 		.4byte	.LVL8
 599 015e B0000000 		.4byte	0xb0
 600 0162 0D       		.uleb128 0xd
 601 0163 20010000 		.4byte	.LVL9
 602 0167 1E010000 		.4byte	0x11e
 603 016b 00       		.byte	0
 604 016c 0E       		.uleb128 0xe
 605 016d 07010000 		.4byte	.LASF25
 606 0171 03       		.byte	0x3
ARM GAS  C:\Users\INDERP~1\AppData\Local\Temp\cchaTyBS.s 			page 18


 607 0172 6C       		.byte	0x6c
 608 0173 7D010000 		.4byte	0x17d
 609 0177 0F       		.uleb128 0xf
 610 0178 85000000 		.4byte	0x85
 611 017c 00       		.byte	0
 612 017d 10       		.uleb128 0x10
 613 017e 54010000 		.4byte	.LASF26
 614 0182 04       		.byte	0x4
 615 0183 9F       		.byte	0x9f
 616 0184 0F       		.uleb128 0xf
 617 0185 85000000 		.4byte	0x85
 618 0189 00       		.byte	0
 619 018a 00       		.byte	0
 620              		.section	.debug_abbrev,"",%progbits
 621              	.Ldebug_abbrev0:
 622 0000 01       		.uleb128 0x1
 623 0001 11       		.uleb128 0x11
 624 0002 01       		.byte	0x1
 625 0003 25       		.uleb128 0x25
 626 0004 0E       		.uleb128 0xe
 627 0005 13       		.uleb128 0x13
 628 0006 0B       		.uleb128 0xb
 629 0007 03       		.uleb128 0x3
 630 0008 0E       		.uleb128 0xe
 631 0009 1B       		.uleb128 0x1b
 632 000a 0E       		.uleb128 0xe
 633 000b 55       		.uleb128 0x55
 634 000c 17       		.uleb128 0x17
 635 000d 11       		.uleb128 0x11
 636 000e 01       		.uleb128 0x1
 637 000f 10       		.uleb128 0x10
 638 0010 17       		.uleb128 0x17
 639 0011 00       		.byte	0
 640 0012 00       		.byte	0
 641 0013 02       		.uleb128 0x2
 642 0014 24       		.uleb128 0x24
 643 0015 00       		.byte	0
 644 0016 0B       		.uleb128 0xb
 645 0017 0B       		.uleb128 0xb
 646 0018 3E       		.uleb128 0x3e
 647 0019 0B       		.uleb128 0xb
 648 001a 03       		.uleb128 0x3
 649 001b 08       		.uleb128 0x8
 650 001c 00       		.byte	0
 651 001d 00       		.byte	0
 652 001e 03       		.uleb128 0x3
 653 001f 24       		.uleb128 0x24
 654 0020 00       		.byte	0
 655 0021 0B       		.uleb128 0xb
 656 0022 0B       		.uleb128 0xb
 657 0023 3E       		.uleb128 0x3e
 658 0024 0B       		.uleb128 0xb
 659 0025 03       		.uleb128 0x3
 660 0026 0E       		.uleb128 0xe
 661 0027 00       		.byte	0
 662 0028 00       		.byte	0
 663 0029 04       		.uleb128 0x4
ARM GAS  C:\Users\INDERP~1\AppData\Local\Temp\cchaTyBS.s 			page 19


 664 002a 16       		.uleb128 0x16
 665 002b 00       		.byte	0
 666 002c 03       		.uleb128 0x3
 667 002d 0E       		.uleb128 0xe
 668 002e 3A       		.uleb128 0x3a
 669 002f 0B       		.uleb128 0xb
 670 0030 3B       		.uleb128 0x3b
 671 0031 05       		.uleb128 0x5
 672 0032 49       		.uleb128 0x49
 673 0033 13       		.uleb128 0x13
 674 0034 00       		.byte	0
 675 0035 00       		.byte	0
 676 0036 05       		.uleb128 0x5
 677 0037 35       		.uleb128 0x35
 678 0038 00       		.byte	0
 679 0039 49       		.uleb128 0x49
 680 003a 13       		.uleb128 0x13
 681 003b 00       		.byte	0
 682 003c 00       		.byte	0
 683 003d 06       		.uleb128 0x6
 684 003e 2E       		.uleb128 0x2e
 685 003f 01       		.byte	0x1
 686 0040 03       		.uleb128 0x3
 687 0041 0E       		.uleb128 0xe
 688 0042 3A       		.uleb128 0x3a
 689 0043 0B       		.uleb128 0xb
 690 0044 3B       		.uleb128 0x3b
 691 0045 0B       		.uleb128 0xb
 692 0046 27       		.uleb128 0x27
 693 0047 19       		.uleb128 0x19
 694 0048 11       		.uleb128 0x11
 695 0049 01       		.uleb128 0x1
 696 004a 12       		.uleb128 0x12
 697 004b 06       		.uleb128 0x6
 698 004c 40       		.uleb128 0x40
 699 004d 18       		.uleb128 0x18
 700 004e 9742     		.uleb128 0x2117
 701 0050 19       		.uleb128 0x19
 702 0051 01       		.uleb128 0x1
 703 0052 13       		.uleb128 0x13
 704 0053 00       		.byte	0
 705 0054 00       		.byte	0
 706 0055 07       		.uleb128 0x7
 707 0056 898201   		.uleb128 0x4109
 708 0059 01       		.byte	0x1
 709 005a 11       		.uleb128 0x11
 710 005b 01       		.uleb128 0x1
 711 005c 31       		.uleb128 0x31
 712 005d 13       		.uleb128 0x13
 713 005e 01       		.uleb128 0x1
 714 005f 13       		.uleb128 0x13
 715 0060 00       		.byte	0
 716 0061 00       		.byte	0
 717 0062 08       		.uleb128 0x8
 718 0063 8A8201   		.uleb128 0x410a
 719 0066 00       		.byte	0
 720 0067 02       		.uleb128 0x2
ARM GAS  C:\Users\INDERP~1\AppData\Local\Temp\cchaTyBS.s 			page 20


 721 0068 18       		.uleb128 0x18
 722 0069 9142     		.uleb128 0x2111
 723 006b 18       		.uleb128 0x18
 724 006c 00       		.byte	0
 725 006d 00       		.byte	0
 726 006e 09       		.uleb128 0x9
 727 006f 898201   		.uleb128 0x4109
 728 0072 01       		.byte	0x1
 729 0073 11       		.uleb128 0x11
 730 0074 01       		.uleb128 0x1
 731 0075 31       		.uleb128 0x31
 732 0076 13       		.uleb128 0x13
 733 0077 00       		.byte	0
 734 0078 00       		.byte	0
 735 0079 0A       		.uleb128 0xa
 736 007a 2E       		.uleb128 0x2e
 737 007b 01       		.byte	0x1
 738 007c 3F       		.uleb128 0x3f
 739 007d 19       		.uleb128 0x19
 740 007e 03       		.uleb128 0x3
 741 007f 0E       		.uleb128 0xe
 742 0080 3A       		.uleb128 0x3a
 743 0081 0B       		.uleb128 0xb
 744 0082 3B       		.uleb128 0x3b
 745 0083 05       		.uleb128 0x5
 746 0084 27       		.uleb128 0x27
 747 0085 19       		.uleb128 0x19
 748 0086 11       		.uleb128 0x11
 749 0087 01       		.uleb128 0x1
 750 0088 12       		.uleb128 0x12
 751 0089 06       		.uleb128 0x6
 752 008a 40       		.uleb128 0x40
 753 008b 18       		.uleb128 0x18
 754 008c 9742     		.uleb128 0x2117
 755 008e 19       		.uleb128 0x19
 756 008f 01       		.uleb128 0x1
 757 0090 13       		.uleb128 0x13
 758 0091 00       		.byte	0
 759 0092 00       		.byte	0
 760 0093 0B       		.uleb128 0xb
 761 0094 05       		.uleb128 0x5
 762 0095 00       		.byte	0
 763 0096 03       		.uleb128 0x3
 764 0097 0E       		.uleb128 0xe
 765 0098 3A       		.uleb128 0x3a
 766 0099 0B       		.uleb128 0xb
 767 009a 3B       		.uleb128 0x3b
 768 009b 05       		.uleb128 0x5
 769 009c 49       		.uleb128 0x49
 770 009d 13       		.uleb128 0x13
 771 009e 02       		.uleb128 0x2
 772 009f 18       		.uleb128 0x18
 773 00a0 00       		.byte	0
 774 00a1 00       		.byte	0
 775 00a2 0C       		.uleb128 0xc
 776 00a3 34       		.uleb128 0x34
 777 00a4 00       		.byte	0
ARM GAS  C:\Users\INDERP~1\AppData\Local\Temp\cchaTyBS.s 			page 21


 778 00a5 03       		.uleb128 0x3
 779 00a6 0E       		.uleb128 0xe
 780 00a7 3A       		.uleb128 0x3a
 781 00a8 0B       		.uleb128 0xb
 782 00a9 3B       		.uleb128 0x3b
 783 00aa 05       		.uleb128 0x5
 784 00ab 49       		.uleb128 0x49
 785 00ac 13       		.uleb128 0x13
 786 00ad 02       		.uleb128 0x2
 787 00ae 17       		.uleb128 0x17
 788 00af 00       		.byte	0
 789 00b0 00       		.byte	0
 790 00b1 0D       		.uleb128 0xd
 791 00b2 898201   		.uleb128 0x4109
 792 00b5 00       		.byte	0
 793 00b6 11       		.uleb128 0x11
 794 00b7 01       		.uleb128 0x1
 795 00b8 31       		.uleb128 0x31
 796 00b9 13       		.uleb128 0x13
 797 00ba 00       		.byte	0
 798 00bb 00       		.byte	0
 799 00bc 0E       		.uleb128 0xe
 800 00bd 2E       		.uleb128 0x2e
 801 00be 01       		.byte	0x1
 802 00bf 3F       		.uleb128 0x3f
 803 00c0 19       		.uleb128 0x19
 804 00c1 03       		.uleb128 0x3
 805 00c2 0E       		.uleb128 0xe
 806 00c3 3A       		.uleb128 0x3a
 807 00c4 0B       		.uleb128 0xb
 808 00c5 3B       		.uleb128 0x3b
 809 00c6 0B       		.uleb128 0xb
 810 00c7 27       		.uleb128 0x27
 811 00c8 19       		.uleb128 0x19
 812 00c9 3C       		.uleb128 0x3c
 813 00ca 19       		.uleb128 0x19
 814 00cb 01       		.uleb128 0x1
 815 00cc 13       		.uleb128 0x13
 816 00cd 00       		.byte	0
 817 00ce 00       		.byte	0
 818 00cf 0F       		.uleb128 0xf
 819 00d0 05       		.uleb128 0x5
 820 00d1 00       		.byte	0
 821 00d2 49       		.uleb128 0x49
 822 00d3 13       		.uleb128 0x13
 823 00d4 00       		.byte	0
 824 00d5 00       		.byte	0
 825 00d6 10       		.uleb128 0x10
 826 00d7 2E       		.uleb128 0x2e
 827 00d8 01       		.byte	0x1
 828 00d9 3F       		.uleb128 0x3f
 829 00da 19       		.uleb128 0x19
 830 00db 03       		.uleb128 0x3
 831 00dc 0E       		.uleb128 0xe
 832 00dd 3A       		.uleb128 0x3a
 833 00de 0B       		.uleb128 0xb
 834 00df 3B       		.uleb128 0x3b
ARM GAS  C:\Users\INDERP~1\AppData\Local\Temp\cchaTyBS.s 			page 22


 835 00e0 0B       		.uleb128 0xb
 836 00e1 27       		.uleb128 0x27
 837 00e2 19       		.uleb128 0x19
 838 00e3 3C       		.uleb128 0x3c
 839 00e4 19       		.uleb128 0x19
 840 00e5 00       		.byte	0
 841 00e6 00       		.byte	0
 842 00e7 00       		.byte	0
 843              		.section	.debug_loc,"",%progbits
 844              	.Ldebug_loc0:
 845              	.LLST0:
 846 0000 04000000 		.4byte	.LVL3
 847 0004 12000000 		.4byte	.LVL5
 848 0008 0100     		.2byte	0x1
 849 000a 53       		.byte	0x53
 850 000b 14000000 		.4byte	.LVL6
 851 000f 20000000 		.4byte	.LFE6
 852 0013 0100     		.2byte	0x1
 853 0015 53       		.byte	0x53
 854 0016 00000000 		.4byte	0
 855 001a 00000000 		.4byte	0
 856              		.section	.debug_aranges,"",%progbits
 857 0000 34000000 		.4byte	0x34
 858 0004 0200     		.2byte	0x2
 859 0006 00000000 		.4byte	.Ldebug_info0
 860 000a 04       		.byte	0x4
 861 000b 00       		.byte	0
 862 000c 0000     		.2byte	0
 863 000e 0000     		.2byte	0
 864 0010 00000000 		.4byte	.LFB4
 865 0014 C0000000 		.4byte	.LFE4-.LFB4
 866 0018 00000000 		.4byte	.LFB6
 867 001c 20000000 		.4byte	.LFE6-.LFB6
 868 0020 00000000 		.4byte	.LFB5
 869 0024 FC000000 		.4byte	.LFE5-.LFB5
 870 0028 C0000000 		.4byte	.LFB7
 871 002c A0000000 		.4byte	.LFE7-.LFB7
 872 0030 00000000 		.4byte	0
 873 0034 00000000 		.4byte	0
 874              		.section	.debug_ranges,"",%progbits
 875              	.Ldebug_ranges0:
 876 0000 00000000 		.4byte	.LFB4
 877 0004 C0000000 		.4byte	.LFE4
 878 0008 00000000 		.4byte	.LFB6
 879 000c 20000000 		.4byte	.LFE6
 880 0010 00000000 		.4byte	.LFB5
 881 0014 FC000000 		.4byte	.LFE5
 882 0018 C0000000 		.4byte	.LFB7
 883 001c 60010000 		.4byte	.LFE7
 884 0020 00000000 		.4byte	0
 885 0024 00000000 		.4byte	0
 886              		.section	.debug_line,"",%progbits
 887              	.Ldebug_line0:
 888 0000 E2000000 		.section	.debug_str,"MS",%progbits,1
 888      02006100 
 888      00000201 
 888      FB0E0D00 
ARM GAS  C:\Users\INDERP~1\AppData\Local\Temp\cchaTyBS.s 			page 23


 888      01010101 
 889              	.LASF7:
 890 0000 6C6F6E67 		.ascii	"long long int\000"
 890      206C6F6E 
 890      6720696E 
 890      7400
 891              	.LASF12:
 892 000e 75696E74 		.ascii	"uint32\000"
 892      333200
 893              	.LASF21:
 894 0015 47656E65 		.ascii	"Generated_Source\\PSoC4\\cyfitter_cfg.c\000"
 894      72617465 
 894      645F536F 
 894      75726365 
 894      5C50536F 
 895              	.LASF0:
 896 003b 756E7369 		.ascii	"unsigned int\000"
 896      676E6564 
 896      20696E74 
 896      00
 897              	.LASF22:
 898 0048 433A5C55 		.ascii	"C:\\Users\\inderpreet\\Documents\\inductiveTest\\CE"
 898      73657273 
 898      5C696E64 
 898      65727072 
 898      6565745C 
 899 0076 32313133 		.ascii	"211301_PIR_Motion_Sensing\\AnalogCoProcessor_Design"
 899      30315F50 
 899      49525F4D 
 899      6F74696F 
 899      6E5F5365 
 900 00a8 2E637964 		.ascii	".cydsn\000"
 900      736E00
 901              	.LASF11:
 902 00af 75696E74 		.ascii	"uint8\000"
 902      3800
 903              	.LASF6:
 904 00b5 6C6F6E67 		.ascii	"long unsigned int\000"
 904      20756E73 
 904      69676E65 
 904      6420696E 
 904      7400
 905              	.LASF19:
 906 00c7 63796669 		.ascii	"cyfitter_cfg\000"
 906      74746572 
 906      5F636667 
 906      00
 907              	.LASF8:
 908 00d4 6C6F6E67 		.ascii	"long long unsigned int\000"
 908      206C6F6E 
 908      6720756E 
 908      7369676E 
 908      65642069 
 909              	.LASF13:
 910 00eb 666C6F61 		.ascii	"float\000"
 910      7400
 911              	.LASF18:
ARM GAS  C:\Users\INDERP~1\AppData\Local\Temp\cchaTyBS.s 			page 24


 912 00f1 53657441 		.ascii	"SetAnalogRoutingPumps\000"
 912      6E616C6F 
 912      67526F75 
 912      74696E67 
 912      50756D70 
 913              	.LASF25:
 914 0107 43795379 		.ascii	"CySysClkWriteImoFreq\000"
 914      73436C6B 
 914      57726974 
 914      65496D6F 
 914      46726571 
 915              	.LASF2:
 916 011c 756E7369 		.ascii	"unsigned char\000"
 916      676E6564 
 916      20636861 
 916      7200
 917              	.LASF10:
 918 012a 63686172 		.ascii	"char\000"
 918      00
 919              	.LASF5:
 920 012f 6C6F6E67 		.ascii	"long int\000"
 920      20696E74 
 920      00
 921              	.LASF17:
 922 0138 416E616C 		.ascii	"AnalogSetDefault\000"
 922      6F675365 
 922      74446566 
 922      61756C74 
 922      00
 923              	.LASF16:
 924 0149 436C6F63 		.ascii	"ClockSetup\000"
 924      6B536574 
 924      757000
 925              	.LASF26:
 926 0154 43795379 		.ascii	"CySysClkSetTimerSource\000"
 926      73436C6B 
 926      53657454 
 926      696D6572 
 926      536F7572 
 927              	.LASF14:
 928 016b 646F7562 		.ascii	"double\000"
 928      6C6500
 929              	.LASF15:
 930 0172 72656733 		.ascii	"reg32\000"
 930      3200
 931              	.LASF4:
 932 0178 73686F72 		.ascii	"short unsigned int\000"
 932      7420756E 
 932      7369676E 
 932      65642069 
 932      6E7400
 933              	.LASF1:
 934 018b 7369676E 		.ascii	"signed char\000"
 934      65642063 
 934      68617200 
 935              	.LASF20:
 936 0197 474E5520 		.ascii	"GNU C 4.9.3 20150303 (release) [ARM/embedded-4_9-br"
ARM GAS  C:\Users\INDERP~1\AppData\Local\Temp\cchaTyBS.s 			page 25


 936      4320342E 
 936      392E3320 
 936      32303135 
 936      30333033 
 937 01ca 616E6368 		.ascii	"anch revision 221220] -mcpu=cortex-m0plus -mthumb -"
 937      20726576 
 937      6973696F 
 937      6E203232 
 937      31323230 
 938 01fd 67202D4F 		.ascii	"g -Og -ffunction-sections -ffat-lto-objects\000"
 938      67202D66 
 938      66756E63 
 938      74696F6E 
 938      2D736563 
 939              	.LASF23:
 940 0229 656E6162 		.ascii	"enabled\000"
 940      6C656400 
 941              	.LASF24:
 942 0231 72656756 		.ascii	"regValue\000"
 942      616C7565 
 942      00
 943              	.LASF3:
 944 023a 73686F72 		.ascii	"short int\000"
 944      7420696E 
 944      7400
 945              	.LASF9:
 946 0244 73697A65 		.ascii	"sizetype\000"
 946      74797065 
 946      00
 947              		.ident	"GCC: (GNU Tools for ARM Embedded Processors) 4.9.3 20150303 (release) [ARM/embedded-4_9-br
